A called
B called
A called
B called
A called
B called
A called
720
A called
B called
A called
B called
A called
B called
120
B called
A called
B called
A called
B called
A called
B called
720
B called
A called
B called
A called
B called
A called
120
