2.0
-0.7568024953079282
-0.6536436208636119
54.598150033144236
1.3862943611198906
