1.0
false
1.0
false|false
2.0
true
1.0
false
true
