11.0
20.0
-5.0
4.0
3.0
1.0
1.0
4.0
4.0
9.0
-7.0
1.0
true
false
false
7
0
1
