a: 10
b: 9
c: 8
a: 7
b: 6
c: 5
a: 4
b: 3
c: 2
a: 1
b: 0
1
4
7
10
