getx-x
global-y
getx2-x
global-y
getx2-x
global-y
i was not zero but 4
i was not zero but 3
i was not zero but 2
i was not zero but 1
i was not zero but 0
i is now 0
