Hello, world!, x is: 0
Hey1asdf
bsdf
456
break test
break test
true
false
continue test, x = 70
continue test, x = 85
continue test, x = 100
loopo
0
2
4
-6
1-61
loopp
0
2
4
Hey10aaaaa
