5.499999999999998
5.0
math functions
1.4142135623730951
0.9092974268256817
-0.4161468365471424
7.38905609893065
0.6931471805599453
logical statements
1.0
2000.0
