this is fine
procedures are fine
functions are fine
functions are fine
procedures are fine
b = true
ifs are fine
cases are fine
fors are fine
whiles are fine
