5.0
true
false
4
i am a string \literal
escape sequence is double quote '' '' 


