3.0|false|5|i am a teapot|-2.0|true|-4|i am a coffee pot
