a called
b called
a called
b called
a called
b called
a called
720
a called
b called
a called
b called
a called
b called
120
b called
a called
b called
a called
b called
a called
b called
720
b called
a called
b called
a called
b called
a called
120
