to: 13
to: 14
to: 15
to yields: 15
downto: 15
downto: 14
downto: 13
downto yields: 13
to: 10
to: 11
to: 12
to: 13
break at: 13
to: 10
to: 11
to: 13
to: 14
continue yields: 14
