gary has job programmer
gary has car toyota
gary has car programmer
gary has car toyota
gary has no life
gary has a life
gary has no life
gary has car toyota
